
> vigil-ai-frontend@1.0.0 build
> next build

   ▲ Next.js 15.2.4
   - Environments: .env.local

   Creating an optimized production build ...
npm.cmd : 
At line:2 char:1
+ npm.cmd run build > build-output.txt 2>&1
+ ~~~~~~~~~~~~~~~~~~~~~~~~~~~~~~~~~~~~~~~~~
    + CategoryInfo          : NotSpecified: (:String) [], RemoteException
    + FullyQualifiedErrorId : NativeCommandError
 
> Build error occurred
[Error: spawn EPERM] { errno: -4048, code: 'EPERM', syscall: 'spawn' }
